
> modelo-zug@0.1.0 build
> next build

ÔÜá Warning: Next.js inferred your workspace root, but it may not be correct.
 We detected multiple lockfiles and selected the directory of C:\Users\henri\pnpm-lock.yaml as the root directory.
 To silence this warning, set `turbopack.root` in your Next.js config, or consider removing one of the lockfiles if it's not needed.
   See https://nextjs.org/docs/app/api-reference/config/next-config-js/turbopack#root-directory for more information.
 Detected additional lockfiles: 
   * C:\Users\henri\Documents\Antigravity\modelo-zug\package-lock.json

Ôû▓ Next.js 16.1.6 (Turbopack)
- Experiments (use with caution):
  ┬À optimizePackageImports

ÔÜá The "middleware" file convention is deprecated. Please use "proxy" instead. Learn more: https://nextjs.org/docs/messages/middleware-to-proxy
  Creating an optimized production build ...
Ô£ô Compiled successfully in 14.3s
  Running TypeScript ...
  Collecting page data using 3 workers ...
  Generating static pages using 3 workers (0/3) ...
Ô£ô Generating static pages using 3 workers (3/3) in 291.7ms
  Finalizing page optimization ...

Route (app)
Ôöî Ôùï /_not-found
Ôö£ ãÆ /[locale]
Ôö£ ãÆ /[locale]/about
Ôö£ ãÆ /[locale]/impressum
Ôö£ ãÆ /[locale]/journal
Ôö£ ãÆ /[locale]/portfolio
Ôö£ ãÆ /[locale]/privacy
Ôöö ãÆ /[locale]/services


ãÆ Proxy (Middleware)

Ôùï  (Static)   prerendered as static content
ãÆ  (Dynamic)  server-rendered on demand

